
> scvp-mockup@0.1.0 build
> next build

Ôû▓ Next.js 16.2.6 (Turbopack)

  Creating an optimized production build ...
Ô£ô Compiled successfully in 33.2s
  Running TypeScript ...
  Finished TypeScript in 30.3s ...
  Collecting page data using 3 workers ...
  Generating static pages using 3 workers (0/12) ...
  Generating static pages using 3 workers (3/12) 
  Generating static pages using 3 workers (6/12) 
  Generating static pages using 3 workers (9/12) 
Ô£ô Generating static pages using 3 workers (12/12) in 3.2s
  Finalizing page optimization ...

Route (app)
Ôöî Ôùï /
Ôö£ Ôùï /_not-found
Ôö£ Ôùï /alertas
Ôö£ ãÆ /api/scvp/alerts
Ôö£ ãÆ /api/scvp/courses
Ôö£ ãÆ /api/scvp/home
Ôö£ ãÆ /api/scvp/materials
Ôö£ Ôùï /cursos
Ôö£ Ôùï /hub
Ôöö Ôùï /institucional


Ôùï  (Static)   prerendered as static content
ãÆ  (Dynamic)  server-rendered on demand

